------------------------------------------------------------
Timing Analyzer Summary
------------------------------------------------------------

Type  : Slow 1100mV 85C Model Setup 'main_clock'
Slack : -5.942
TNS   : -95.966

Type  : Slow 1100mV 85C Model Setup 'gen_pulse:module1|puls'
Slack : -1.492
TNS   : -7.558

Type  : Slow 1100mV 85C Model Hold 'main_clock'
Slack : 0.437
TNS   : 0.000

Type  : Slow 1100mV 85C Model Hold 'gen_pulse:module1|puls'
Slack : 0.866
TNS   : 0.000

Type  : Slow 1100mV 85C Model Minimum Pulse Width 'main_clock'
Slack : -0.538
TNS   : -24.944

Type  : Slow 1100mV 85C Model Minimum Pulse Width 'gen_pulse:module1|puls'
Slack : -0.538
TNS   : -4.614

Type  : Slow 1100mV 0C Model Setup 'main_clock'
Slack : -6.059
TNS   : -97.111

Type  : Slow 1100mV 0C Model Setup 'gen_pulse:module1|puls'
Slack : -1.537
TNS   : -7.480

Type  : Slow 1100mV 0C Model Hold 'main_clock'
Slack : 0.445
TNS   : 0.000

Type  : Slow 1100mV 0C Model Hold 'gen_pulse:module1|puls'
Slack : 0.836
TNS   : 0.000

Type  : Slow 1100mV 0C Model Minimum Pulse Width 'main_clock'
Slack : -0.538
TNS   : -25.024

Type  : Slow 1100mV 0C Model Minimum Pulse Width 'gen_pulse:module1|puls'
Slack : -0.538
TNS   : -4.627

Type  : Fast 1100mV 85C Model Setup 'main_clock'
Slack : -2.890
TNS   : -32.479

Type  : Fast 1100mV 85C Model Setup 'gen_pulse:module1|puls'
Slack : -0.457
TNS   : -2.163

Type  : Fast 1100mV 85C Model Hold 'main_clock'
Slack : 0.199
TNS   : 0.000

Type  : Fast 1100mV 85C Model Hold 'gen_pulse:module1|puls'
Slack : 0.380
TNS   : 0.000

Type  : Fast 1100mV 85C Model Minimum Pulse Width 'main_clock'
Slack : -0.556
TNS   : -13.414

Type  : Fast 1100mV 85C Model Minimum Pulse Width 'gen_pulse:module1|puls'
Slack : 0.142
TNS   : 0.000

Type  : Fast 1100mV 0C Model Setup 'main_clock'
Slack : -2.602
TNS   : -28.362

Type  : Fast 1100mV 0C Model Setup 'gen_pulse:module1|puls'
Slack : -0.378
TNS   : -1.730

Type  : Fast 1100mV 0C Model Hold 'main_clock'
Slack : 0.188
TNS   : 0.000

Type  : Fast 1100mV 0C Model Hold 'gen_pulse:module1|puls'
Slack : 0.330
TNS   : 0.000

Type  : Fast 1100mV 0C Model Minimum Pulse Width 'main_clock'
Slack : -0.599
TNS   : -16.424

Type  : Fast 1100mV 0C Model Minimum Pulse Width 'gen_pulse:module1|puls'
Slack : 0.144
TNS   : 0.000

------------------------------------------------------------
